                   style={{ backgroundColor: colors.card, border: `1px solid ${colors.border}` }}>
                <h3 className="font-semibold mb-4 flex items-center gap-2" style={{ color: colors.text }}>
                  <TrendingUp size={18} style={{ color: colors.accent }} />
                  Resumen Ejecutivo
                </h3>
                <ExecutiveSummary stats={statsFiltrados} documentos={documentosFiltrados} />
              </div>
              
              {/* Monthly Distribution */}
              <div className="lg:col-span-2 p-6 rounded-xl" 
                   style={{ backgroundColor: colors.card, border: `1px solid ${colors.border}` }}>
                <h3 className="font-semibold mb-4 flex items-center gap-2" style={{ color: colors.text }}>
                  <Calendar size={18} style={{ color: colors.success }} />
                  Distribución Mensual
                </h3>
                <LineChart data={data.distribucionMensual} color={colors.success} />
              </div>
              
              {/* Heat Map */}
              <div className="p-6 rounded-xl" 
                   style={{ backgroundColor: colors.card, border: `1px solid ${colors.border}` }}>
                <h3 className="font-semibold mb-4 flex items-center gap-2" style={{ color: colors.text }}>
                  <Map size={18} style={{ color: colors.warning }} />
                  Densidad por Oficina
                </h3>
                <HeatMap oficinas={statsFiltrados.porOficina} />
              </div>
            </motion.div>
          )}
          
          {activeTab === 'analysis' && (
            <motion.div
              key="analysis"
              initial={{ opacity: 0 }}
              animate={{ opacity: 1 }}
              exit={{ opacity: 0 }}
              className="grid grid-cols-1 lg:grid-cols-2 gap-6"
            >
              {/* Top Gestores */}
              <div className="p-6 rounded-xl" 
                   style={{ backgroundColor: colors.card, border: `1px solid ${colors.border}` }}>
                <h3 className="font-semibold mb-4 flex items-center gap-2" style={{ color: colors.text }}>
                  <Users size={18} style={{ color: colors.secondary }} />
                  Top Gestores
                </h3>
                <BarChart
                  data={data.topGestores}
                  maxValue={data.topGestores[0]?.count || 1}
                  labelKey="name"
                  valueKey="count"
                  color={colors.secondary}
                />
              </div>
              
              {/* Distribution by Days */}
              <div className="p-6 rounded-xl" 
                   style={{ backgroundColor: colors.card, border: `1px solid ${colors.border}` }}>
                <h3 className="font-semibold mb-4 flex items-center gap-2" style={{ color: colors.text }}>
                  <Clock size={18} style={{ color: colors.warning }} />
                  Distribución por Rango de Días
                </h3>
                <BarChart
                  data={Object.entries(statsFiltrados.porRangoDias)
                    .filter(([key]) => key)
                    .sort((a, b) => b[1] - a[1])
                    .map(([name, count]) => ({ name, count }))}
                  maxValue={Math.max(...Object.values(statsFiltrados.porRangoDias))}
                  labelKey="name"
                  valueKey="count"
                  color={colors.warning}
                />
              </div>
              
              {/* Subseries Distribution */}
              <div className="lg:col-span-2 p-6 rounded-xl" 
                   style={{ backgroundColor: colors.card, border: `1px solid ${colors.border}` }}>
                <h3 className="font-semibold mb-4 flex items-center gap-2" style={{ color: colors.text }}>
                  <PieChart size={18} style={{ color: colors.accent }} />
                  Distribución por Subserie (Top 15)
                </h3>
                <BarChart
                  data={Object.entries(statsFiltrados.porSubserie)
                    .filter(([key]) => key)
                    .sort((a, b) => b[1] - a[1])
                    .slice(0, 15)
                    .map(([name, count]) => ({ name, count }))}
                  maxValue={Math.max(...Object.values(statsFiltrados.porSubseries || {}))}
                  labelKey="name"
                  valueKey="count"
                  color={colors.accent}
                  maxItems={15}
                />
              </div>
            </motion.div>
          )}
          
          {activeTab === 'alerts' && (
            <motion.div
              key="alerts"
              initial={{ opacity: 0 }}
              animate={{ opacity: 1 }}
              exit={{ opacity: 0 }}
              className="space-y-4"
            >
              <div className="p-6 rounded-xl" 
                   style={{ backgroundColor: colors.card, border: `1px solid ${colors.border}` }}>
                <h3 className="font-semibold mb-4 flex items-center gap-2" style={{ color: colors.text }}>
                  <Bell size={18} style={{ color: colors.danger }} />
                  Alertas Automáticas
                </h3>
                <p className="text-sm mb-4" style={{ color: colors.textMuted }}>
                  Sistema de monitoreo en tiempo real. Las alertas se generan automáticamente cuando se detectan condiciones críticas.
                </p>
                
                <div className="space-y-3">
                  {alertas.map((alerta, index) => (
                    <AlertItem key={index} {...alerta} />
                  ))}
                  
                  {alertas.length === 0 && (
                    <div className="p-4 rounded-lg text-center" style={{ backgroundColor: `${colors.success}20` }}>
                      <p className="text-sm" style={{ color: colors.success }}>
                        ✓ No hay alertas activas en este momento
                      </p>
                    </div>
                  )}
                </div>
              </div>
              
              {/* Additional Alerts */}
              <div className="grid grid-cols-1 md:grid-cols-2 gap-4">
                <div className="p-4 rounded-xl" style={{ backgroundColor: colors.card, border: `1px solid ${colors.border}` }}>
                  <h4 className="font-semibold text-sm mb-2" style={{ color: colors.text }}>
                    Documentos Críticos (+1000 días)
                  </h4>
                  <p className="text-2xl font-bold" style={{ color: colors.danger }}>
                    {statsFiltrados.porRangoDias['L.más de 1000 días']?.toLocaleString() || 0}
                  </p>
                  <p className="text-xs mt-1" style={{ color: colors.textMuted }}>
                    Documentos que requieren intervención urgente
                  </p>
                </div>
                
                <div className="p-4 rounded-xl" style={{ backgroundColor: colors.card, border: `1px solid ${colors.border}` }}>
                  <h4 className="font-semibold text-sm mb-2" style={{ color: colors.text }}>
                    Tasa de Resolución
                  </h4>
                  <p className="text-2xl font-bold" style={{ color: colors.success }}>
                    {((statsFiltrados.documentosPendientes / (statsFiltrados.total || 1)) * 100).toFixed(1)}%
                  </p>
                  <p className="text-xs mt-1" style={{ color: colors.textMuted }}>
                    Documentos con plazo vigente
                  </p>
                </div>
              </div>
            </motion.div>
          )}
          
          {activeTab === 'export' && (
            <motion.div
              key="export"
              initial={{ opacity: 0 }}
              animate={{ opacity: 1 }}
              exit={{ opacity: 0 }}
              className="grid grid-cols-1 md:grid-cols-2 gap-6"
            >
              {/* Export Options */}
              <div className="p-6 rounded-xl" 
                   style={{ backgroundColor: colors.card, border: `1px solid ${colors.border}` }}>
                <h3 className="font-semibold mb-4 flex items-center gap-2" style={{ color: colors.text }}>
                  <Download size={18} style={{ color: colors.secondary }} />
                  Exportar Reportes
                </h3>
                
                <div className="space-y-3">
                  <button
                    onClick={() => exportToCSV(documentosFiltrados, 'PQRSD_Completo')}
                    className="w-full p-4 rounded-lg flex items-center gap-3 transition-colors hover:opacity-90"
                    style={{ backgroundColor: colors.secondary, color: 'white' }}
                  >
                    <FileSpreadsheet size={20} />
                    <div className="text-left">
                      <p className="font-medium">Exportar CSV Completo</p>
                      <p className="text-xs opacity-80">
                        {documentosFiltrados.length.toLocaleString()} documentos filtrados
                      </p>
                    </div>
                  </button>
                  
                  <button
                    onClick={() => exportToCSV(
                      documentosFiltrados.filter(d => d.dias > 1000), 
                      'PQRSD_Criticos'
                    )}
                    className="w-full p-4 rounded-lg flex items-center gap-3 transition-colors hover:opacity-90"
                    style={{ backgroundColor: colors.danger, color: 'white' }}
                  >
                    <AlertTriangle size={20} />
                    <div className="text-left">
                      <p className="font-medium">Exportar Documentos Críticos</p>
                      <p className="text-xs opacity-80">
                        Documentos con +1000 días de trámite
                      </p>
                    </div>
                  </button>
                  
                  <button
                    onClick={() => exportToCSV(
                      documentosFiltrados.filter(d => d.fechaVencimiento && new Date(d.fechaVencimiento) < new Date()), 
                      'PQRSD_Vencidos'
                    )}
                    className="w-full p-4 rounded-lg flex items-center gap-3 transition-colors hover:opacity-90"
                    style={{ backgroundColor: colors.warning, color: 'white' }}
                  >
                    <Clock size={20} />
                    <div className="text-left">
                      <p className="font-medium">Exportar Vencidos</p>
                      <p className="text-xs opacity-80">
                        Documentos con fecha de vencimiento pasada
                      </p>
                    </div>
                  </button>
                </div>
              </div>
              
              {/* Summary for Presentation */}
              <div className="p-6 rounded-xl" 
                   style={{ backgroundColor: colors.card, border: `1px solid ${colors.border}` }}>
                <h3 className="font-semibold mb-4 flex items-center gap-2" style={{ color: colors.text }}>
                  <Building2 size={18} style={{ color: colors.accent }} />
                  Resumen para Presentación
                </h3>
                
                <div className="space-y-4">
                  <div className="p-3 rounded-lg" style={{ backgroundColor: colors.bg }}>
                    <p className="text-xs font-medium" style={{ color: colors.textMuted }}>Total de Documentos</p>
                    <p className="text-xl font-bold" style={{ color: colors.text }}>
                      {statsFiltrados.total.toLocaleString()}
                    </p>
                  </div>
                  
                  <div className="grid grid-cols-2 gap-3">
                    <div className="p-3 rounded-lg" style={{ backgroundColor: colors.bg }}>
                      <p className="text-xs font-medium" style={{ color: colors.textMuted }}>Vencidos</p>
                      <p className="text-lg font-bold" style={{ color: colors.danger }}>
                        {statsFiltrados.documentosVencidos.toLocaleString()}
                      </p>
                    </div>
                    <div className="p-3 rounded-lg" style={{ backgroundColor: colors.bg }}>
                      <p className="text-xs font-medium" style={{ color: colors.textMuted }}>Pendientes</p>
                      <p className="text-lg font-bold" style={{ color: colors.warning }}>
                        {statsFiltrados.documentosPendientes.toLocaleString()}
                      </p>
                    </div>
                  </div>
                  
                  <div className="p-3 rounded-lg" style={{ backgroundColor: colors.bg }}>
                    <p className="text-xs font-medium" style={{ color: colors.textMuted }}>Promedio de Días</p>
                    <p className="text-lg font-bold" style={{ color: colors.success }}>
                      {statsFiltrados.diasPromedio} días
                    </p>
                  </div>
                  
                  <div className="p-3 rounded-lg" style={{ backgroundColor: `${colors.accent}20` }}>
                    <p className="text-xs font-medium" style={{ color: colors.accent }}>
                      Generado: {new Date().toLocaleDateString('es-CO')} - {new Date().toLocaleTimeString('es-CO')}
                    </p>
                  </div>
                </div>
              </div>
            </motion.div>
          )}
        </AnimatePresence>
      </main>
      
      {/* Footer */}
      <footer className="border-t mt-8 py-4" style={{ borderColor: colors.border }}>
        <div className="max-w-7xl mx-auto px-4 flex items-center justify-between">
          <p className="text-xs" style={{ color: colors.textMuted }}>
            Dashboard PQRSD v1.0 - Ministerio del Interior
          </p>
          <p className="text-xs" style={{ color: colors.textMuted }}>
            Actualizado: {new Date().toLocaleString('es-CO')}
          </p>
        </div>
      </footer>
    </div>
  );
}
