          {activeTab === 'dependencias' && (
            <motion.div
              key="dependencias"
              initial={{ opacity: 0 }}
              animate={{ opacity: 1 }}
              exit={{ opacity: 0 }}
              className="space-y-6"
            >
              {/* Header */}
              <div className="flex items-center justify-between">
                <div>
                  <h3 className="text-xl font-bold flex items-center gap-2" style={{ color: colors.text }}>
                    <Building2 size={22} style={{ color: colors.softRed }} />
                    Top 20 Dependencias
                  </h3>
                  <p className="text-sm mt-1" style={{ color: colors.textMuted }}>
                    Haz clic en una tarjeta para filtrar el dashboard
                  </p>
                </div>
                {filtros.dependencia && (
                  <button
                    onClick={() => setFiltros({ ...filtros, dependencia: '' })}
                    className="flex items-center gap-2 px-4 py-2 rounded-lg text-sm font-medium transition-colors"
                    style={{ backgroundColor: colors.softRed, color: 'white' }}
                  >
                    Limpiar filtro
                  </button>
                )}
              </div>

              {/* Cards Grid */}
              <div className="grid grid-cols-1 sm:grid-cols-2 md:grid-cols-3 lg:grid-cols-4 gap-4">
                {topDependencias.map((dep, index) => {
                  const isSelected = filtros.dependencia === dep.name;
                  const percentage = ((dep.count / documentosFiltrados.length) * 100).toFixed(1);
                  
                  return (
                    <motion.div
                      key={dep.name}
                      initial={{ opacity: 0, y: 20 }}
                      animate={{ opacity: 1, y: 0 }}
                      transition={{ delay: index * 0.04 }}
                      whileHover={{ scale: 1.03, y: -4 }}
                      onClick={() => setFiltros({
                        ...filtros,
                        dependencia: isSelected ? '' : dep.name
                      })}
                      className="relative overflow-hidden rounded-xl p-5 cursor-pointer transition-all"
                      style={{
                        backgroundColor: isSelected ? `${colors.softRed}10` : colors.card,
                        border: `2px solid ${isSelected ? colors.softRed : colors.cardBorder}`,
                        boxShadow: isSelected 
                          ? `0 8px 25px ${colors.softRed}30` 
                          : `0 2px 10px rgba(0,0,0,0.06)`
                      }}
                    >
                      {/* Rank Badge */}
                      <div className="absolute top-3 right-3 w-7 h-7 rounded-full flex items-center justify-center text-xs font-bold"
                           style={{ 
                             backgroundColor: isSelected ? colors.softRed : `${colors.softRed}15`,
                             color: isSelected ? 'white' : colors.softRed
                           }}>
                        {index + 1}
                      </div>
                      
                      {/* Icon */}
                      <div className="w-10 h-10 rounded-lg flex items-center justify-center mb-3"
                           style={{ backgroundColor: `${colors.softRed}12` }}>
                        <Building2 size={20} style={{ color: colors.softRed }} />
                      </div>
                      
                      {/* Name */}
                      <p className="text-sm font-semibold mb-2 pr-8 leading-tight" 
                         style={{ color: colors.text, minHeight: '40px' }}>
                        {dep.name.length > 45 ? dep.name.substring(0, 45) + '...' : dep.name}
                      </p>
                      
                      {/* Count */}
                      <div className="flex items-baseline gap-2 mb-3">
                        <span className="text-2xl font-bold" style={{ color: colors.softRed }}>
                          {dep.count.toLocaleString()}
                        </span>
                        <span className="text-xs" style={{ color: colors.textMuted }}>
                          documentos
                        </span>
                      </div>
                      
                      {/* Percentage Bar */}
                      <div className="h-2 rounded-full overflow-hidden" style={{ backgroundColor: `${colors.softRed}12` }}>
                        <motion.div
                          initial={{ width: 0 }}
                          animate={{ width: `${percentage}%` }}
                          transition={{ duration: 0.8, delay: index * 0.05 }}
                          className="h-full rounded-full"
                          style={{ backgroundColor: isSelected ? colors.softRed : colors.softRedLight }}
                        />
                      </div>
                      <p className="text-xs mt-1.5 font-medium" style={{ color: colors.textMuted }}>
                        {percentage}% del total
                      </p>
                    </motion.div>
                  );
                })}
              </div>

              {/* Summary Row */}
              <div className="grid grid-cols-1 md:grid-cols-3 gap-4 mt-6">
                <div className="p-5 rounded-xl flex items-center gap-4"
                     style={{ backgroundColor: colors.card, border: `1px solid ${colors.cardBorder}` }}>
                  <div className="w-12 h-12 rounded-xl flex items-center justify-center"
                       style={{ backgroundColor: `${colors.softRed}12` }}>
                    <Building2 size={24} style={{ color: colors.softRed }} />
                  </div>
                  <div>
                    <p className="text-sm" style={{ color: colors.textMuted }}>Total Dependencias</p>
                    <p className="text-2xl font-bold" style={{ color: colors.softRed }}>
                      {uniqueDependencias.length}
                    </p>
                  </div>
                </div>
                <div className="p-5 rounded-xl flex items-center gap-4"
                     style={{ backgroundColor: colors.card, border: `1px solid ${colors.cardBorder}` }}>
                  <div className="w-12 h-12 rounded-xl flex items-center justify-center"
                       style={{ backgroundColor: `${colors.softRed}12` }}>
                    <FileText size={24} style={{ color: colors.softRed }} />
                  </div>
                  <div>
                    <p className="text-sm" style={{ color: colors.textMuted }}>Documentos Filtrados</p>
                    <p className="text-2xl font-bold" style={{ color: colors.softRed }}>
                      {documentosFiltrados.length.toLocaleString()}
                    </p>
                  </div>
                </div>
                <div className="p-5 rounded-xl flex items-center gap-4"
                     style={{ backgroundColor: colors.card, border: `1px solid ${colors.cardBorder}` }}>
                  <div className="w-12 h-12 rounded-xl flex items-center justify-center"
                       style={{ backgroundColor: `${colors.softRed}12` }}>
                    <TrendingUp size={24} style={{ color: colors.softRed }} />
                  </div>
                  <div>
                    <p className="text-sm" style={{ color: colors.textMuted }}>Dependencia Principal</p>
                    <p className="text-sm font-bold truncate" style={{ color: colors.softRed, maxWidth: '180px' }}>
                      {topDependencias[0]?.name || '-'}
                    </p>
                  </div>
                </div>
              </div>
            </motion.div>
          )}
        </AnimatePresence>
      </main>
      
      {/* Footer */}
      <footer className="border-t mt-8 py-4" style={{ borderColor: colors.cardBorder, boxShadow: `0 2px 8px rgba(0,0,0,0.04)` }}>
        <div className="max-w-7xl mx-auto px-4 flex items-center justify-between">
          <p className="text-xs" style={{ color: colors.textMuted }}>
